[debug] [2026-06-02T09:52:13.447Z] ----------------------------------------------------------------------
[debug] [2026-06-02T09:52:13.449Z] Command:       C:\Program Files\nodejs\node.exe C:\Users\Stavros\AppData\Roaming\npm\node_modules\firebase-tools\lib\bin\firebase.js appdistribution:distribute android/app/build/outputs/apk/debug/app-debug.apk --app 1:186275267371:android:e4057b4aaa503bd62dbb6e --project ergoflow-craftsmen --groups testers --release-notes ErgoFlow 0.8.12 debug APK. Fixes Jobs Greek List/Calendar labels and mobile calendar visibility/tap behavior; rebuild after desktop sync/job-count diagnosis.
[debug] [2026-06-02T09:52:13.450Z] CLI Version:   15.16.0
[debug] [2026-06-02T09:52:13.450Z] Platform:      win32
[debug] [2026-06-02T09:52:13.450Z] Node Version:  v24.14.0
[debug] [2026-06-02T09:52:13.450Z] Time:          Tue Jun 02 2026 12:52:13 GMT+0300 (Eastern European Summer Time)
[debug] [2026-06-02T09:52:13.450Z] ----------------------------------------------------------------------
[debug] 
[debug] [2026-06-02T09:52:13.451Z] >>> [apiv2][query] GET https://firebase-public.firebaseio.com/cli.json [none]
[debug] [2026-06-02T09:52:13.477Z] > command requires scopes: ["email","openid","https://www.googleapis.com/auth/cloudplatformprojects.readonly","https://www.googleapis.com/auth/firebase","https://www.googleapis.com/auth/cloud-platform"]
[debug] [2026-06-02T09:52:13.477Z] > authorizing via signed-in user (stavrosp6@gmail.com)
[info] i  uploading binary... 
[debug] [2026-06-02T09:52:13.479Z] Checked if tokens are valid: false, expires at: 1779483475159
[debug] [2026-06-02T09:52:13.479Z] Checked if tokens are valid: false, expires at: 1779483475159
[debug] [2026-06-02T09:52:13.479Z] > refreshing access token with scopes: []
[debug] [2026-06-02T09:52:13.479Z] >>> [apiv2][query] POST https://www.googleapis.com/oauth2/v3/token [none]
[debug] [2026-06-02T09:52:13.479Z] >>> [apiv2][body] POST https://www.googleapis.com/oauth2/v3/token [omitted]
[debug] [2026-06-02T09:52:13.843Z] <<< [apiv2][status] POST https://www.googleapis.com/oauth2/v3/token 200
[debug] [2026-06-02T09:52:13.843Z] <<< [apiv2][body] POST https://www.googleapis.com/oauth2/v3/token [omitted]
[debug] [2026-06-02T09:52:13.857Z] >>> [apiv2][query] POST https://firebaseappdistribution.googleapis.com/upload/v1/projects/186275267371/apps/1:186275267371:android:e4057b4aaa503bd62dbb6e/releases:upload [none]
[debug] [2026-06-02T09:52:13.857Z] >>> [apiv2][body] POST https://firebaseappdistribution.googleapis.com/upload/v1/projects/186275267371/apps/1:186275267371:android:e4057b4aaa503bd62dbb6e/releases:upload [stream]
[debug] [2026-06-02T09:52:13.951Z] <<< [apiv2][status] GET https://firebase-public.firebaseio.com/cli.json 200
[debug] [2026-06-02T09:52:13.951Z] <<< [apiv2][body] GET https://firebase-public.firebaseio.com/cli.json {"cloudBuildErrorAfter":1594252800000,"cloudBuildWarnAfter":1590019200000,"defaultNode10After":1594252800000,"minVersion":"3.0.5","node8DeploysDisabledAfter":1613390400000,"node8RuntimeDisabledAfter":1615809600000,"node8WarnAfter":1600128000000}
